// Jest Snapshot v1, https://goo.gl/fbAQLP

exports[`Should render grid lines 1`] = `
Array [
  Object {
    "props": Object {
      "a": 1,
      "b": 0,
      "c": 0,
      "d": 1,
      "e": 0,
      "f": 0,
    },
    "transform": Array [
      1,
      0,
      0,
      1,
      0,
      0,
    ],
    "type": "setTransform",
  },
  Object {
    "props": Object {
      "height": 1,
      "width": 1,
      "x": 0,
      "y": 0,
    },
    "transform": Array [
      1,
      0,
      0,
      1,
      0,
      0,
    ],
    "type": "clearRect",
  },
  Object {
    "props": Object {
      "x": 1,
      "y": 1,
    },
    "transform": Array [
      1,
      0,
      0,
      1,
      0,
      0,
    ],
    "type": "scale",
  },
  Object {
    "props": Object {
      "value": "#000000",
    },
    "transform": Array [
      1,
      0,
      0,
      1,
      0,
      0,
    ],
    "type": "strokeStyle",
  },
  Object {
    "props": Object {},
    "transform": Array [
      1,
      0,
      0,
      1,
      0,
      0,
    ],
    "type": "beginPath",
  },
  Object {
    "props": Object {
      "x": 70.4999999999999,
      "y": -120.74355652982146,
    },
    "transform": Array [
      1,
      0,
      0,
      1,
      0,
      0,
    ],
    "type": "moveTo",
  },
  Object {
    "props": Object {
      "x": 140.5,
      "y": 0.5,
    },
    "transform": Array [
      1,
      0,
      0,
      1,
      0,
      0,
    ],
    "type": "lineTo",
  },
  Object {
    "props": Object {
      "x": 70.50000000000001,
      "y": 121.7435565298214,
    },
    "transform": Array [
      1,
      0,
      0,
      1,
      0,
      0,
    ],
    "type": "lineTo",
  },
  Object {
    "props": Object {
      "x": -69.49999999999997,
      "y": 121.74355652982142,
    },
    "transform": Array [
      1,
      0,
      0,
      1,
      0,
      0,
    ],
    "type": "lineTo",
  },
  Object {
    "props": Object {
      "x": -139.5,
      "y": 0.5000000000000171,
    },
    "transform": Array [
      1,
      0,
      0,
      1,
      0,
      0,
    ],
    "type": "lineTo",
  },
  Object {
    "props": Object {
      "x": -69.50000000000006,
      "y": -120.74355652982139,
    },
    "transform": Array [
      1,
      0,
      0,
      1,
      0,
      0,
    ],
    "type": "lineTo",
  },
  Object {
    "props": Object {
      "x": 70.4999999999999,
      "y": -120.74355652982146,
    },
    "transform": Array [
      1,
      0,
      0,
      1,
      0,
      0,
    ],
    "type": "lineTo",
  },
  Object {
    "props": Object {
      "path": Array [
        Object {
          "props": Object {},
          "transform": Array [
            1,
            0,
            0,
            1,
            0,
            0,
          ],
          "type": "beginPath",
        },
        Object {
          "props": Object {
            "x": 70.4999999999999,
            "y": -120.74355652982146,
          },
          "transform": Array [
            1,
            0,
            0,
            1,
            0,
            0,
          ],
          "type": "moveTo",
        },
        Object {
          "props": Object {
            "x": 140.5,
            "y": 0.5,
          },
          "transform": Array [
            1,
            0,
            0,
            1,
            0,
            0,
          ],
          "type": "lineTo",
        },
        Object {
          "props": Object {
            "x": 70.50000000000001,
            "y": 121.7435565298214,
          },
          "transform": Array [
            1,
            0,
            0,
            1,
            0,
            0,
          ],
          "type": "lineTo",
        },
        Object {
          "props": Object {
            "x": -69.49999999999997,
            "y": 121.74355652982142,
          },
          "transform": Array [
            1,
            0,
            0,
            1,
            0,
            0,
          ],
          "type": "lineTo",
        },
        Object {
          "props": Object {
            "x": -139.5,
            "y": 0.5000000000000171,
          },
          "transform": Array [
            1,
            0,
            0,
            1,
            0,
            0,
          ],
          "type": "lineTo",
        },
        Object {
          "props": Object {
            "x": -69.50000000000006,
            "y": -120.74355652982139,
          },
          "transform": Array [
            1,
            0,
            0,
            1,
            0,
            0,
          ],
          "type": "lineTo",
        },
        Object {
          "props": Object {
            "x": 70.4999999999999,
            "y": -120.74355652982146,
          },
          "transform": Array [
            1,
            0,
            0,
            1,
            0,
            0,
          ],
          "type": "lineTo",
        },
      ],
    },
    "transform": Array [
      1,
      0,
      0,
      1,
      0,
      0,
    ],
    "type": "stroke",
  },
]
`;
