// Jest Snapshot v1, https://goo.gl/fbAQLP

exports[`Should render grid lines 1`] = `
Array [
  Object {
    "props": Object {
      "a": 1,
      "b": 0,
      "c": 0,
      "d": 1,
      "e": 0,
      "f": 0,
    },
    "transform": Array [
      1,
      0,
      0,
      1,
      0,
      0,
    ],
    "type": "setTransform",
  },
  Object {
    "props": Object {
      "height": 1,
      "width": 1,
      "x": 0,
      "y": 0,
    },
    "transform": Array [
      1,
      0,
      0,
      1,
      0,
      0,
    ],
    "type": "clearRect",
  },
  Object {
    "props": Object {
      "x": 1,
      "y": 1,
    },
    "transform": Array [
      1,
      0,
      0,
      1,
      0,
      0,
    ],
    "type": "scale",
  },
  Object {
    "props": Object {
      "value": "#000000",
    },
    "transform": Array [
      1,
      0,
      0,
      1,
      0,
      0,
    ],
    "type": "strokeStyle",
  },
  Object {
    "props": Object {},
    "transform": Array [
      1,
      0,
      0,
      1,
      0,
      0,
    ],
    "type": "beginPath",
  },
  Object {
    "props": Object {
      "x": 10.499999999999986,
      "y": -16.82050807568878,
    },
    "transform": Array [
      1,
      0,
      0,
      1,
      0,
      0,
    ],
    "type": "moveTo",
  },
  Object {
    "props": Object {
      "x": 20.5,
      "y": 0.5,
    },
    "transform": Array [
      1,
      0,
      0,
      1,
      0,
      0,
    ],
    "type": "lineTo",
  },
  Object {
    "props": Object {
      "x": 10.500000000000002,
      "y": 17.82050807568877,
    },
    "transform": Array [
      1,
      0,
      0,
      1,
      0,
      0,
    ],
    "type": "lineTo",
  },
  Object {
    "props": Object {
      "x": -9.499999999999996,
      "y": 17.820508075688775,
    },
    "transform": Array [
      1,
      0,
      0,
      1,
      0,
      0,
    ],
    "type": "lineTo",
  },
  Object {
    "props": Object {
      "x": -19.5,
      "y": 0.5000000000000024,
    },
    "transform": Array [
      1,
      0,
      0,
      1,
      0,
      0,
    ],
    "type": "lineTo",
  },
  Object {
    "props": Object {
      "x": -9.500000000000009,
      "y": -16.82050807568877,
    },
    "transform": Array [
      1,
      0,
      0,
      1,
      0,
      0,
    ],
    "type": "lineTo",
  },
  Object {
    "props": Object {
      "x": 10.499999999999986,
      "y": -16.82050807568878,
    },
    "transform": Array [
      1,
      0,
      0,
      1,
      0,
      0,
    ],
    "type": "lineTo",
  },
  Object {
    "props": Object {
      "path": Array [
        Object {
          "props": Object {},
          "transform": Array [
            1,
            0,
            0,
            1,
            0,
            0,
          ],
          "type": "beginPath",
        },
        Object {
          "props": Object {
            "x": 10.499999999999986,
            "y": -16.82050807568878,
          },
          "transform": Array [
            1,
            0,
            0,
            1,
            0,
            0,
          ],
          "type": "moveTo",
        },
        Object {
          "props": Object {
            "x": 20.5,
            "y": 0.5,
          },
          "transform": Array [
            1,
            0,
            0,
            1,
            0,
            0,
          ],
          "type": "lineTo",
        },
        Object {
          "props": Object {
            "x": 10.500000000000002,
            "y": 17.82050807568877,
          },
          "transform": Array [
            1,
            0,
            0,
            1,
            0,
            0,
          ],
          "type": "lineTo",
        },
        Object {
          "props": Object {
            "x": -9.499999999999996,
            "y": 17.820508075688775,
          },
          "transform": Array [
            1,
            0,
            0,
            1,
            0,
            0,
          ],
          "type": "lineTo",
        },
        Object {
          "props": Object {
            "x": -19.5,
            "y": 0.5000000000000024,
          },
          "transform": Array [
            1,
            0,
            0,
            1,
            0,
            0,
          ],
          "type": "lineTo",
        },
        Object {
          "props": Object {
            "x": -9.500000000000009,
            "y": -16.82050807568877,
          },
          "transform": Array [
            1,
            0,
            0,
            1,
            0,
            0,
          ],
          "type": "lineTo",
        },
        Object {
          "props": Object {
            "x": 10.499999999999986,
            "y": -16.82050807568878,
          },
          "transform": Array [
            1,
            0,
            0,
            1,
            0,
            0,
          ],
          "type": "lineTo",
        },
      ],
    },
    "transform": Array [
      1,
      0,
      0,
      1,
      0,
      0,
    ],
    "type": "stroke",
  },
]
`;
