// Jest Snapshot v1, https://goo.gl/fbAQLP

exports[`Should render markers 1`] = `
Array [
  Object {
    "props": Object {
      "a": 1,
      "b": 0,
      "c": 0,
      "d": 1,
      "e": 0,
      "f": 0,
    },
    "transform": Array [
      1,
      0,
      0,
      1,
      0,
      0,
    ],
    "type": "setTransform",
  },
  Object {
    "props": Object {
      "height": 1,
      "width": 1,
      "x": 0,
      "y": 0,
    },
    "transform": Array [
      1,
      0,
      0,
      1,
      0,
      0,
    ],
    "type": "clearRect",
  },
  Object {
    "props": Object {
      "x": 1,
      "y": 1,
    },
    "transform": Array [
      1,
      0,
      0,
      1,
      0,
      0,
    ],
    "type": "scale",
  },
  Object {
    "props": Object {
      "value": "#000000",
    },
    "transform": Array [
      1,
      0,
      0,
      1,
      0,
      0,
    ],
    "type": "strokeStyle",
  },
  Object {
    "props": Object {
      "value": "#ff0000",
    },
    "transform": Array [
      1,
      0,
      0,
      1,
      0,
      0,
    ],
    "type": "fillStyle",
  },
  Object {
    "props": Object {},
    "transform": Array [
      1,
      0,
      0,
      1,
      0,
      0,
    ],
    "type": "beginPath",
  },
  Object {
    "props": Object {
      "anticlockwise": false,
      "endAngle": 6.283185307179586,
      "radius": 8,
      "startAngle": 0,
      "x": 90.5,
      "y": 121.7435565298214,
    },
    "transform": Array [
      1,
      0,
      0,
      1,
      0,
      0,
    ],
    "type": "arc",
  },
  Object {
    "props": Object {
      "path": Array [
        Object {
          "props": Object {},
          "transform": Array [
            1,
            0,
            0,
            1,
            0,
            0,
          ],
          "type": "beginPath",
        },
        Object {
          "props": Object {
            "anticlockwise": false,
            "endAngle": 6.283185307179586,
            "radius": 8,
            "startAngle": 0,
            "x": 90.5,
            "y": 121.7435565298214,
          },
          "transform": Array [
            1,
            0,
            0,
            1,
            0,
            0,
          ],
          "type": "arc",
        },
      ],
    },
    "transform": Array [
      1,
      0,
      0,
      1,
      0,
      0,
    ],
    "type": "stroke",
  },
  Object {
    "props": Object {
      "fillRule": "nonzero",
      "path": Array [
        Object {
          "props": Object {},
          "transform": Array [
            1,
            0,
            0,
            1,
            0,
            0,
          ],
          "type": "beginPath",
        },
        Object {
          "props": Object {
            "anticlockwise": false,
            "endAngle": 6.283185307179586,
            "radius": 8,
            "startAngle": 0,
            "x": 90.5,
            "y": 121.7435565298214,
          },
          "transform": Array [
            1,
            0,
            0,
            1,
            0,
            0,
          ],
          "type": "arc",
        },
      ],
    },
    "transform": Array [
      1,
      0,
      0,
      1,
      0,
      0,
    ],
    "type": "fill",
  },
  Object {
    "props": Object {
      "value": "#ffffff",
    },
    "transform": Array [
      1,
      0,
      0,
      1,
      0,
      0,
    ],
    "type": "fillStyle",
  },
  Object {
    "props": Object {},
    "transform": Array [
      1,
      0,
      0,
      1,
      0,
      0,
    ],
    "type": "beginPath",
  },
  Object {
    "props": Object {
      "anticlockwise": false,
      "endAngle": 6.283185307179586,
      "radius": 8,
      "startAngle": 0,
      "x": -59.5,
      "y": 0.5,
    },
    "transform": Array [
      1,
      0,
      0,
      1,
      0,
      0,
    ],
    "type": "arc",
  },
  Object {
    "props": Object {
      "path": Array [
        Object {
          "props": Object {},
          "transform": Array [
            1,
            0,
            0,
            1,
            0,
            0,
          ],
          "type": "beginPath",
        },
        Object {
          "props": Object {
            "anticlockwise": false,
            "endAngle": 6.283185307179586,
            "radius": 8,
            "startAngle": 0,
            "x": -59.5,
            "y": 0.5,
          },
          "transform": Array [
            1,
            0,
            0,
            1,
            0,
            0,
          ],
          "type": "arc",
        },
      ],
    },
    "transform": Array [
      1,
      0,
      0,
      1,
      0,
      0,
    ],
    "type": "stroke",
  },
  Object {
    "props": Object {
      "fillRule": "nonzero",
      "path": Array [
        Object {
          "props": Object {},
          "transform": Array [
            1,
            0,
            0,
            1,
            0,
            0,
          ],
          "type": "beginPath",
        },
        Object {
          "props": Object {
            "anticlockwise": false,
            "endAngle": 6.283185307179586,
            "radius": 8,
            "startAngle": 0,
            "x": -59.5,
            "y": 0.5,
          },
          "transform": Array [
            1,
            0,
            0,
            1,
            0,
            0,
          ],
          "type": "arc",
        },
      ],
    },
    "transform": Array [
      1,
      0,
      0,
      1,
      0,
      0,
    ],
    "type": "fill",
  },
]
`;
