// Jest Snapshot v1, https://goo.gl/fbAQLP

exports[`Should render ships 1`] = `
Array [
  Object {
    "props": Object {
      "a": 1,
      "b": 0,
      "c": 0,
      "d": 1,
      "e": 0,
      "f": 0,
    },
    "transform": Array [
      1,
      0,
      0,
      1,
      0,
      0,
    ],
    "type": "setTransform",
  },
  Object {
    "props": Object {
      "height": 1,
      "width": 1,
      "x": 0,
      "y": 0,
    },
    "transform": Array [
      1,
      0,
      0,
      1,
      0,
      0,
    ],
    "type": "clearRect",
  },
  Object {
    "props": Object {
      "x": 1,
      "y": 1,
    },
    "transform": Array [
      1,
      0,
      0,
      1,
      0,
      0,
    ],
    "type": "scale",
  },
  Object {
    "props": Object {
      "value": "#808080",
    },
    "transform": Array [
      1,
      0,
      0,
      1,
      0,
      0,
    ],
    "type": "strokeStyle",
  },
  Object {
    "props": Object {
      "value": 20,
    },
    "transform": Array [
      1,
      0,
      0,
      1,
      0,
      0,
    ],
    "type": "lineWidth",
  },
  Object {
    "props": Object {
      "value": "round",
    },
    "transform": Array [
      1,
      0,
      0,
      1,
      0,
      0,
    ],
    "type": "lineCap",
  },
  Object {
    "props": Object {},
    "transform": Array [
      1,
      0,
      0,
      1,
      0,
      0,
    ],
    "type": "beginPath",
  },
  Object {
    "props": Object {
      "x": 60.5,
      "y": 104.42304845413263,
    },
    "transform": Array [
      1,
      0,
      0,
      1,
      0,
      0,
    ],
    "type": "moveTo",
  },
  Object {
    "props": Object {
      "x": 120.5,
      "y": 139.06406460551017,
    },
    "transform": Array [
      1,
      0,
      0,
      1,
      0,
      0,
    ],
    "type": "lineTo",
  },
  Object {
    "props": Object {
      "x": -29.5,
      "y": 87.10254037844386,
    },
    "transform": Array [
      1,
      0,
      0,
      1,
      0,
      0,
    ],
    "type": "moveTo",
  },
  Object {
    "props": Object {
      "x": 0.5,
      "y": 69.78203230275508,
    },
    "transform": Array [
      1,
      0,
      0,
      1,
      0,
      0,
    ],
    "type": "lineTo",
  },
  Object {
    "props": Object {
      "x": 0.5,
      "y": -138.06406460551017,
    },
    "transform": Array [
      1,
      0,
      0,
      1,
      0,
      0,
    ],
    "type": "moveTo",
  },
  Object {
    "props": Object {
      "x": 0.5,
      "y": -241.9871130596428,
    },
    "transform": Array [
      1,
      0,
      0,
      1,
      0,
      0,
    ],
    "type": "lineTo",
  },
  Object {
    "props": Object {
      "path": Array [
        Object {
          "props": Object {},
          "transform": Array [
            1,
            0,
            0,
            1,
            0,
            0,
          ],
          "type": "beginPath",
        },
        Object {
          "props": Object {
            "x": 60.5,
            "y": 104.42304845413263,
          },
          "transform": Array [
            1,
            0,
            0,
            1,
            0,
            0,
          ],
          "type": "moveTo",
        },
        Object {
          "props": Object {
            "x": 120.5,
            "y": 139.06406460551017,
          },
          "transform": Array [
            1,
            0,
            0,
            1,
            0,
            0,
          ],
          "type": "lineTo",
        },
        Object {
          "props": Object {
            "x": -29.5,
            "y": 87.10254037844386,
          },
          "transform": Array [
            1,
            0,
            0,
            1,
            0,
            0,
          ],
          "type": "moveTo",
        },
        Object {
          "props": Object {
            "x": 0.5,
            "y": 69.78203230275508,
          },
          "transform": Array [
            1,
            0,
            0,
            1,
            0,
            0,
          ],
          "type": "lineTo",
        },
        Object {
          "props": Object {
            "x": 0.5,
            "y": -138.06406460551017,
          },
          "transform": Array [
            1,
            0,
            0,
            1,
            0,
            0,
          ],
          "type": "moveTo",
        },
        Object {
          "props": Object {
            "x": 0.5,
            "y": -241.9871130596428,
          },
          "transform": Array [
            1,
            0,
            0,
            1,
            0,
            0,
          ],
          "type": "lineTo",
        },
      ],
    },
    "transform": Array [
      1,
      0,
      0,
      1,
      0,
      0,
    ],
    "type": "stroke",
  },
]
`;
